<html>
<body>
<pre>
<h1>µVision Build Log</h1>
<h2>Tool Versions:</h2>
IDE-Version: ¦ÌVision V5.38.0.0
Copyright (C) 2022 ARM Ltd and ARM Germany GmbH. All rights reserved.
License Information: r l, seseu, LIC=MPPLD-8MFXT-UHL8H-WJRB5-06QJX-XDQU8
 
Tool Versions:
Toolchain:       MDK-ARM Plus  Version: 5.38.0.0
Toolchain Path:  D:\tools\keil_v5.38\ARM\ARMCC\Bin
C Compiler:      Armcc.exe V5.06 update 7 (build 960)
Assembler:       Armasm.exe V5.06 update 7 (build 960)
Linker/Locator:  ArmLink.exe V5.06 update 7 (build 960)
Library Manager: ArmAr.exe V5.06 update 7 (build 960)
Hex Converter:   FromElf.exe V5.06 update 7 (build 960)
CPU DLL:         SARMCM3.DLL V5.38.0.0
Dialog DLL:      DCM.DLL V1.17.5.0
Target DLL:      Segger\JL2CM3.dll V2.99.42.0
Dialog DLL:      TCM.DLL V1.56.4.0
 
<h2>Project:</h2>
D:\code\FPGA_anlogic\M3_Prj_Voice\Projects\Keil\CortexM3_VoiceRecognition.uvprojx
Project File Date:  11/11/2023

<h2>Output:</h2>
*** Using Compiler 'V5.06 update 7 (build 960)', folder: 'D:\tools\keil_v5.38\ARM\ARMCC\Bin'
Rebuild target 'CortexM3_VoiceRecognition'
assembling cnasic_soc.s...
compiling delay.c...
compiling FunctionTest.c...
compiling asio.c...
compiling nvic.c...
compiling uart.c...
compiling pdm2pcm.c...
compiling debug.c...
compiling main.c...
compiling VoiceTemplateLoad.c...
compiling VoiceRecognition.c...
compiling VoiceTemplateAcquisition.c...
compiling fft.c...
compiling VoicePreprocessing.c...
compiling dtw.c...
compiling mfcc.c...
linking...
Program Size: Code=18512 RO-data=5728 RW-data=128 ZI-data=4632  
FromELF: creating hex file...
After Build - User command #1: fromelf.exe --vhx --32x1 --output=.\output\image.hex .\objects\CortexM3_VoiceRecognition.axf
".\Objects\CortexM3_VoiceRecognition.axf" - 0 Error(s), 0 Warning(s).

<h2>Software Packages used:</h2>

Package Vendor: ARM
                http://www.keil.com/pack/ARM.CMSIS.5.9.0.pack
                ARM.CMSIS.5.9.0
                CMSIS (Common Microcontroller Software Interface Standard)

<h2>Collection of Component include folders:</h2>
  D:/tools/keil_v5.38/ARM/Packs/ARM/CMSIS/5.9.0/Device/ARM/ARMCM3/Include

<h2>Collection of Component Files used:</h2>
Build Time Elapsed:  00:00:09
</pre>
</body>
</html>
